<html>
<body>
<pre>
<h1>µVision Build Log</h1>
<h2>Tool Versions:</h2>
IDE-Version: µVision V5.33.0.0
Copyright (C) 2020 ARM Ltd and ARM Germany GmbH. All rights reserved.
License Information: MIchael Rathmayr, Vienna University of Technology, LIC=----
 
Tool Versions:
Toolchain:       MDK-Lite  Version: 5.33.0.0
Toolchain Path:  C:\Keil_v5\ARM\ARMCC\Bin
C Compiler:      Armcc.exe V5.06 update 7 (build 960)
Assembler:       Armasm.exe V5.06 update 7 (build 960)
Linker/Locator:  ArmLink.exe V5.06 update 7 (build 960)
Library Manager: ArmAr.exe V5.06 update 7 (build 960)
Hex Converter:   FromElf.exe V5.06 update 7 (build 960)
CPU DLL:         SARMCM3.DLL V5.33.0.0
Dialog DLL:      DCM.DLL V1.17.3.0
Target DLL:      STLink\ST-LINKIII-KEIL_SWO.dll V3.0.8.0
Dialog DLL:      TCM.DLL V1.48.0.0
 
<h2>Project:</h2>
C:\Users\Michael Rathmayr\Desktop\microcomputer\zweites\STM32F30x_DSP_StdPeriph_Lib_V1.2.3\Projects\STM32F30x_StdPeriph_Templates\MDK-ARM\Project.uvprojx
Project File Date:  03/16/2022

<h2>Output:</h2>
*** Using Compiler 'V5.06 update 7 (build 960)', folder: 'C:\Keil_v5\ARM\ARMCC\Bin'
Build target 'STM32F334x8'
compiling stm32f30x_misc.c...
compiling stm32f30x_flash.c...
compiling stm32f30x_rtc.c...
compiling stm32f30x_dbgmcu.c...
compiling stm32f30x_iwdg.c...
compiling stm32f30x_rcc.c...
compiling stm32f30x_wwdg.c...
compiling stm32f30x_usart.c...
compiling stm32f30x_exti.c...
compiling stm32f30x_i2c.c...
compiling stm32f30x_syscfg.c...
compiling stm32f30x_spi.c...
compiling stm32f30x_can.c...
compiling stm32f30x_adc.c...
compiling stm32f30x_gpio.c...
compiling stm32f30x_crc.c...
compiling stm32f30x_opamp.c...
compiling stm32f30x_tim.c...
compiling stm32f30x_comp.c...
compiling stm32f30x_dma.c...
compiling stm32f30x_pwr.c...
compiling stm32f30x_dac.c...
compiling inits.c...
compiling stm32f30x_hrtim.c...
assembling startup_stm32f334x8.s...
compiling system_stm32f3xx.c...
compiling main.c...
linking...
Program Size: Code=3700 RO-data=424 RW-data=48 ZI-data=1024  
"STM32F334x8\STM32F334x8.axf" - 0 Error(s), 0 Warning(s).

<h2>Software Packages used:</h2>

Package Vendor: ARM
                http://www.keil.com/pack/ARM.CMSIS.5.8.0.pack
                ARM.CMSIS.5.8.0
                CMSIS (Common Microcontroller Software Interface Standard)
   * Component: CORE Version: 5.5.0

Package Vendor: Keil
                http://www.keil.com/pack/Keil.STM32F3xx_DFP.1.4.0.pack
                Keil.STM32F3xx_DFP.1.4.0
                STMicroelectronics STM32F3 Series Device Support and Examples
   * Component: Startup Version: 1.3.0

<h2>Collection of Component include folders:</h2>
  .\RTE\_STM32F334x8
  C:\Users\Michael Rathmayr\AppData\Local\Arm\Packs\ARM\CMSIS\5.8.0\CMSIS\Core\Include
  C:\Users\Michael Rathmayr\AppData\Local\Arm\Packs\Keil\STM32F3xx_DFP\1.4.0\Device\Include

<h2>Collection of Component Files used:</h2>

   * Component: ARM::CMSIS:CORE:5.5.0

   * Component: Keil::Device:Startup:1.3.0
      Source file:   Device\Source\ARM\STM32F3xx_OPT.s
      Source file:   Device\Source\ARM\startup_stm32f334x8.s
      Source file:   Device\Source\system_stm32f3xx.c
Build Time Elapsed:  00:00:17
</pre>
</body>
</html>
